ok 1 - check_check_log.c:Core:test_set_log: Passed
ok 2 - check_check_log.c:Core:test_set_log_env: Passed
ok 3 - check_check_log.c:Core:test_no_set_log: Passed
ok 4 - check_check_log.c:Core:test_double_set_log: Passed
ok 5 - check_check_log.c:Core XML:test_set_xml: Passed
ok 6 - check_check_log.c:Core XML:test_set_xml_env: Passed
ok 7 - check_check_log.c:Core XML:test_no_set_xml: Passed
ok 8 - check_check_log.c:Core XML:test_double_set_xml: Passed
ok 9 - check_check_log.c:Core TAP:test_set_tap: Passed
ok 10 - check_check_log.c:Core TAP:test_set_tap_env: Passed
ok 11 - check_check_log.c:Core TAP:test_no_set_tap: Passed
ok 12 - check_check_log.c:Core TAP:test_double_set_tap: Passed
ok 13 - check_check_fork.c:Core:test_default_fork: Passed
ok 14 - check_check_fork.c:Core:test_set_nofork: Passed
ok 15 - check_check_fork.c:Core:test_set_fork: Passed
ok 16 - check_check_fork.c:Core:test_env: Passed
ok 17 - check_check_fork.c:Core:test_env_and_set: Passed
ok 18 - check_check_fork.c:Core:test_nofork: Passed
ok 19 - check_check_exit.c:Core:test_early_exit_normal: Passed
ok 20 - check_check_exit.c:Core:test_early_exit_with_allowed_error: Passed
ok 21 - check_check_exit.c:Core:loop_early_exit_normal: Passed
ok 22 - check_check_exit.c:Core:loop_early_exit_normal: Passed
ok 23 - check_check_exit.c:Core:loop_early_exit_normal: Passed
ok 24 - check_check_exit.c:Core:loop_early_exit_normal: Passed
ok 25 - check_check_exit.c:Core:loop_early_exit_normal: Passed
ok 26 - check_check_exit.c:Core:loop_early_exit_allowed_exit: Passed
ok 27 - check_check_exit.c:Core:loop_early_exit_allowed_exit: Passed
ok 28 - check_check_exit.c:Core:loop_early_exit_allowed_exit: Passed
ok 29 - check_check_exit.c:Core:loop_early_exit_allowed_exit: Passed
ok 30 - check_check_exit.c:Core:loop_early_exit_allowed_exit: Passed
ok 31 - check_check_exit.c:Core:loop_early_exit_signal_segv: Passed
ok 32 - check_check_exit.c:Core:loop_early_exit_signal_segv: Passed
ok 33 - check_check_exit.c:Core:loop_early_exit_signal_segv: Passed
ok 34 - check_check_exit.c:Core:loop_early_exit_signal_segv: Passed
ok 35 - check_check_exit.c:Core:loop_early_exit_signal_segv: Passed
ok 36 - check_check_selective.c:Core:test_srunner_run_run_all: Passed
ok 37 - check_check_selective.c:Core:test_srunner_run_suite: Passed
ok 38 - check_check_selective.c:Core:test_srunner_run_no_suite: Passed
ok 39 - check_check_selective.c:Core:test_srunner_run_tcase: Passed
ok 40 - check_check_selective.c:Core:test_srunner_no_tcase: Passed
ok 41 - check_check_selective.c:Core:test_srunner_suite_tcase: Passed
ok 42 - check_check_selective.c:Core:test_srunner_suite_no_tcase: Passed
ok 43 - check_check_selective.c:Core:test_srunner_run_suite_env: Passed
ok 44 - check_check_selective.c:Core:test_srunner_run_no_suite_env: Passed
ok 45 - check_check_selective.c:Core:test_srunner_run_tcase_env: Passed
ok 46 - check_check_selective.c:Core:test_srunner_no_tcase_env: Passed
ok 47 - check_check_selective.c:Core:test_srunner_suite_tcase_env: Passed
ok 48 - check_check_selective.c:Core:test_srunner_suite_no_tcase_env: Passed
1..48
